// Vitest Snapshot v1, https://vitest.dev/guide/snapshot.html

exports[`ColorPicker > matches single color snapshot 1`] = `
<div
  class="react-colorful"
  style="width: 100%;"
>
  <div
    class="react-colorful__saturation"
    style="background-color: rgb(255, 0, 0);"
  >
    <div
      aria-label="Color"
      aria-valuetext="Saturation 100%, Brightness 100%"
      class="react-colorful__interactive"
      role="slider"
      tabindex="0"
    >
      <div
        class="react-colorful__pointer react-colorful__saturation-pointer"
        style="top: 0%; left: 100%;"
      >
        <div
          class="react-colorful__pointer-fill"
          style="background-color: rgb(255, 0, 0);"
        />
      </div>
    </div>
  </div>
  <div
    class="react-colorful__hue react-colorful__last-control"
  >
    <div
      aria-label="Hue"
      aria-valuemax="360"
      aria-valuemin="0"
      aria-valuenow="0"
      class="react-colorful__interactive"
      role="slider"
      tabindex="0"
    >
      <div
        class="react-colorful__pointer react-colorful__hue-pointer"
        style="top: 50%; left: 0%;"
      >
        <div
          class="react-colorful__pointer-fill"
          style="background-color: rgb(255, 0, 0);"
        />
      </div>
    </div>
  </div>
</div>
`;

exports[`ColorPicker > multi-color mode > matches multi-color snapshot 1`] = `
<div
  class="react-colorful"
  style="width: 100%;"
>
  <div
    class="react-colorful__saturation"
    style="background-color: rgb(255, 0, 0);"
  >
    <div
      aria-label="Color"
      aria-valuetext="Saturation 100%, Brightness 100%"
      class="react-colorful__interactive"
      role="slider"
      tabindex="0"
    >
      <div
        class="react-colorful__pointer react-colorful__saturation-pointer"
        style="top: 0%; left: 100%;"
      >
        <div
          class="react-colorful__pointer-fill"
          style="background-color: rgb(255, 0, 0);"
        />
      </div>
    </div>
  </div>
  <div
    class="react-colorful__hue react-colorful__last-control"
  >
    <div
      aria-label="Hue"
      aria-valuemax="360"
      aria-valuemin="0"
      aria-valuenow="0"
      class="react-colorful__interactive"
      role="slider"
      tabindex="0"
    >
      <div
        class="react-colorful__pointer react-colorful__hue-pointer"
        style="top: 50%; left: 0%;"
      >
        <div
          class="react-colorful__pointer-fill"
          style="background-color: rgb(255, 0, 0);"
        />
      </div>
    </div>
  </div>
</div>
`;
